   1               		.file	"matrix.c"
   2               	__SREG__ = 0x3f
   3               	__SP_H__ = 0x3e
   4               	__SP_L__ = 0x3d
   5               	__CCP__  = 0x34
   6               	__tmp_reg__ = 0
   7               	__zero_reg__ = 1
  15               	.Ltext0:
  16               		.section	.text.matrix_rows,"ax",@progbits
  17               	.global	matrix_rows
  19               	matrix_rows:
  20               	.LFB6:
  21               	.LSM0:
  22               	/* prologue: function */
  23               	/* frame size = 0 */
  24               	.LSM1:
  25 0000 88E0      		ldi r24,lo8(8)
  26               	/* epilogue start */
  27 0002 0895      		ret
  28               	.LFE6:
  30               		.section	.text.matrix_cols,"ax",@progbits
  31               	.global	matrix_cols
  33               	matrix_cols:
  34               	.LFB7:
  35               	.LSM2:
  36               	/* prologue: function */
  37               	/* frame size = 0 */
  38               	.LSM3:
  39 0000 86E0      		ldi r24,lo8(6)
  40               	/* epilogue start */
  41 0002 0895      		ret
  42               	.LFE7:
  44               		.section	.text.matrix_is_modified,"ax",@progbits
  45               	.global	matrix_is_modified
  47               	matrix_is_modified:
  48               	.LFB12:
  49               	.LSM4:
  50               	/* prologue: function */
  51               	/* frame size = 0 */
  52               	.LSM5:
  53 0000 90E0      		ldi r25,lo8(0)
  54 0002 8091 0000 		lds r24,debouncing
  55 0006 8823      		tst r24
  56 0008 01F4      		brne .L6
  57 000a 91E0      		ldi r25,lo8(1)
  58               	.L6:
  59               	.LSM6:
  60 000c 892F      		mov r24,r25
  61               	/* epilogue start */
  62 000e 0895      		ret
  63               	.LFE12:
  65               		.section	.text.matrix_is_on,"ax",@progbits
  66               	.global	matrix_is_on
  68               	matrix_is_on:
  69               	.LFB13:
  70               	.LSM7:
  71               	.LVL0:
  72               	/* prologue: function */
  73               	/* frame size = 0 */
  74               	.LSM8:
  75 0000 E0E0      		ldi r30,lo8(matrix)
  76 0002 F0E0      		ldi r31,hi8(matrix)
  77 0004 E80F      		add r30,r24
  78 0006 F11D      		adc r31,__zero_reg__
  79 0008 8081      		ld r24,Z
  80               	.LVL1:
  81 000a 90E0      		ldi r25,lo8(0)
  82 000c 00C0      		rjmp 2f
  83 000e 9595      	1:	asr r25
  84 0010 8795      		ror r24
  85 0012 6A95      	2:	dec r22
  86 0014 02F4      		brpl 1b
  87               	.LSM9:
  88 0016 8170      		andi r24,lo8(1)
  89               	/* epilogue start */
  90 0018 0895      		ret
  91               	.LFE13:
  93               		.section	.text.matrix_get_row,"ax",@progbits
  94               	.global	matrix_get_row
  96               	matrix_get_row:
  97               	.LFB14:
  98               	.LSM10:
  99               	.LVL2:
 100               	/* prologue: function */
 101               	/* frame size = 0 */
 102               	.LSM11:
 103 0000 E0E0      		ldi r30,lo8(matrix)
 104 0002 F0E0      		ldi r31,hi8(matrix)
 105 0004 E80F      		add r30,r24
 106 0006 F11D      		adc r31,__zero_reg__
 107               	.LSM12:
 108 0008 8081      		ld r24,Z
 109               	.LVL3:
 110               	/* epilogue start */
 111 000a 0895      		ret
 112               	.LFE14:
 114               		.section	.text.matrix_print,"ax",@progbits
 115               	.global	matrix_print
 117               	matrix_print:
 118               	.LFB15:
 119               	.LSM13:
 120               	/* prologue: function */
 121               	/* frame size = 0 */
 122               	/* epilogue start */
 123               	.LSM14:
 124 0000 0895      		ret
 125               	.LFE15:
 127               		.section	.text.unselect_rows,"ax",@progbits
 129               	unselect_rows:
 130               	.LFB19:
 131               	.LSM15:
 132               	/* prologue: function */
 133               	/* frame size = 0 */
 134               	.LSM16:
 135 0000 84B1      		in r24,36-32
 136 0002 817B      		andi r24,lo8(-79)
 137 0004 84B9      		out 36-32,r24
 138               	.LSM17:
 139 0006 85B1      		in r24,37-32
 140 0008 817B      		andi r24,lo8(-79)
 141 000a 85B9      		out 37-32,r24
 142               	/* epilogue start */
 143               	.LSM18:
 144 000c 0895      		ret
 145               	.LFE19:
 147               		.section	.text._matrix_scan,"ax",@progbits
 148               	.global	_matrix_scan
 150               	_matrix_scan:
 151               	.LFB9:
 152               	.LSM19:
 153 0000 9F92      		push r9
 154 0002 AF92      		push r10
 155 0004 BF92      		push r11
 156 0006 CF92      		push r12
 157 0008 DF92      		push r13
 158 000a EF92      		push r14
 159 000c FF92      		push r15
 160 000e 0F93      		push r16
 161 0010 1F93      		push r17
 162 0012 CF93      		push r28
 163 0014 DF93      		push r29
 164               	/* prologue: function */
 165               	/* frame size = 0 */
 166               	.LSM20:
 167 0016 8091 0000 		lds r24,isLeftHand
 168 001a 8823      		tst r24
 169 001c 01F4      		brne .L17
 170 001e B4E0      		ldi r27,lo8(4)
 171 0020 EB2E      		mov r14,r27
 172 0022 F12C      		mov r15,__zero_reg__
 173               	.LVL4:
 174 0024 00C0      		rjmp .L18
 175               	.LVL5:
 176               	.L17:
 177 0026 EE24      		clr r14
 178 0028 FF24      		clr r15
 179               	.LVL6:
 180               	.L18:
 181 002a 0091 0000 		lds r16,debouncing
 182 002e A0E0      		ldi r26,lo8(matrix_debouncing)
 183 0030 CA2E      		mov r12,r26
 184 0032 A0E0      		ldi r26,hi8(matrix_debouncing)
 185 0034 DA2E      		mov r13,r26
 186 0036 CE0C      		add r12,r14
 187 0038 DF1C      		adc r13,r15
 188 003a E601      		movw r28,r12
 189 003c 10E0      		ldi r17,lo8(0)
 190               	.LVL7:
 191               	.LBB53:
 192               	.LBB54:
 193               	.LBB55:
 194               	.LBB56:
 195               	.LBB57:
 196               	.LBB58:
 197               	.LSM21:
 198 003e F0EA      		ldi r31,lo8(-96)
 199 0040 9F2E      		mov r9,r31
 200               	.LBE58:
 201               	.LBE57:
 202               	.LBE56:
 203               	.LBE55:
 204               	.LBB62:
 205               	.LBB63:
 206               	.LSM22:
 207 0042 E1E0      		ldi r30,lo8(1)
 208 0044 AE2E      		mov r10,r30
 209 0046 B12C      		mov r11,__zero_reg__
 210               	.L35:
 211               	.LBE63:
 212               	.LBE62:
 213               	.LBB65:
 214               	.LBB66:
 215               	.LSM23:
 216 0048 1130      		cpi r17,lo8(1)
 217 004a 01F0      		breq .L21
 218 004c 1130      		cpi r17,lo8(1)
 219 004e 00F0      		brlo .L20
 220 0050 1230      		cpi r17,lo8(2)
 221 0052 01F0      		breq .L22
 222 0054 1330      		cpi r17,lo8(3)
 223 0056 01F4      		brne .L19
 224 0058 00C0      		rjmp .L42
 225               	.L20:
 226               	.LSM24:
 227 005a 219A      		sbi 36-32,1
 228               	.LSM25:
 229 005c 2998      		cbi 37-32,1
 230 005e 00C0      		rjmp .L19
 231               	.L21:
 232               	.LSM26:
 233 0060 239A      		sbi 36-32,3
 234               	.LSM27:
 235 0062 2B98      		cbi 37-32,3
 236 0064 00C0      		rjmp .L19
 237               	.L22:
 238               	.LSM28:
 239 0066 229A      		sbi 36-32,2
 240               	.LSM29:
 241 0068 2A98      		cbi 37-32,2
 242 006a 00C0      		rjmp .L19
 243               	.L42:
 244               	.LSM30:
 245 006c 269A      		sbi 36-32,6
 246               	.LSM31:
 247 006e 2E98      		cbi 37-32,6
 248               	.L19:
 249               	.LBE66:
 250               	.LBE65:
 251               	.LBB67:
 252               	.LBB61:
 253               	.LBB60:
 254               	.LBB59:
 255               	.LSM32:
 256 0070 892D      		mov r24,r9
 257               	.LVL8:
 258               	/* #APP */
 259               	 ;  83 "d:/programs/winavr/lib/gcc/../../avr/include/util/delay_basic.h" 1
 260 0072 8A95      		1: dec r24
 261 0074 01F4      		brne 1b
 262               	 ;  0 "" 2
 263               	/* #NOAPP */
 264               	.LBE59:
 265               	.LBE60:
 266               	.LBE61:
 267               	.LBE67:
 268               	.LBB68:
 269               	.LBB64:
 270               	.LSM33:
 271 0076 1D99      		sbic 35-32,5
 272 0078 00C0      		rjmp .L24
 273 007a 60E2      		ldi r22,lo8(32)
 274 007c 00C0      		rjmp .L25
 275               	.L24:
 276 007e 60E0      		ldi r22,lo8(0)
 277               	.L25:
 278 0080 1C99      		sbic 35-32,4
 279 0082 00C0      		rjmp .L26
 280 0084 50E1      		ldi r21,lo8(16)
 281 0086 00C0      		rjmp .L27
 282               	.L26:
 283 0088 50E0      		ldi r21,lo8(0)
 284               	.L27:
 285 008a 6699      		sbic 44-32,6
 286 008c 00C0      		rjmp .L28
 287 008e 48E0      		ldi r20,lo8(8)
 288 0090 00C0      		rjmp .L29
 289               	.L28:
 290 0092 40E0      		ldi r20,lo8(0)
 291               	.L29:
 292 0094 29B1      		in r18,41-32
 293 0096 2095      		com r18
 294 0098 221F      		rol r18
 295 009a 2227      		clr r18
 296 009c 221F      		rol r18
 297 009e 220F      		lsl r18
 298 00a0 220F      		lsl r18
 299 00a2 3699      		sbic 38-32,6
 300 00a4 00C0      		rjmp .L32
 301 00a6 32E0      		ldi r19,lo8(2)
 302 00a8 00C0      		rjmp .L33
 303               	.L32:
 304 00aa 30E0      		ldi r19,lo8(0)
 305               	.L33:
 306 00ac 89B1      		in r24,41-32
 307               	.LVL9:
 308 00ae 90E0      		ldi r25,lo8(0)
 309 00b0 74E0      		ldi r23,4
 310 00b2 9695      	1:	lsr r25
 311 00b4 8795      		ror r24
 312 00b6 7A95      		dec r23
 313 00b8 01F4      		brne 1b
 314 00ba 8A25      		eor r24,r10
 315 00bc 9B25      		eor r25,r11
 316 00be 982F      		mov r25,r24
 317               	.LVL10:
 318 00c0 9170      		andi r25,lo8(1)
 319 00c2 962B      		or r25,r22
 320 00c4 952B      		or r25,r21
 321 00c6 942B      		or r25,r20
 322 00c8 922B      		or r25,r18
 323 00ca 932B      		or r25,r19
 324               	.LBE64:
 325               	.LBE68:
 326               	.LSM34:
 327 00cc 8881      		ld r24,Y
 328 00ce 8917      		cp r24,r25
 329 00d0 01F0      		breq .L34
 330               	.LSM35:
 331 00d2 9883      		st Y,r25
 332 00d4 05E0      		ldi r16,lo8(5)
 333               	.L34:
 334               	.LSM36:
 335 00d6 0E94 0000 		call unselect_rows
 336               	.LVL11:
 337               	.LBE54:
 338               	.LSM37:
 339 00da 1F5F      		subi r17,lo8(-(1))
 340 00dc 2196      		adiw r28,1
 341 00de 1430      		cpi r17,lo8(4)
 342 00e0 01F0      		breq .+2
 343 00e2 00C0      		rjmp .L35
 344 00e4 0093 0000 		sts debouncing,r16
 345               	.LBE53:
 346               	.LSM38:
 347 00e8 0023      		tst r16
 348 00ea 01F0      		breq .L36
 349               	.LSM39:
 350 00ec 802F      		mov r24,r16
 351 00ee 8150      		subi r24,lo8(-(-1))
 352 00f0 8093 0000 		sts debouncing,r24
 353 00f4 8823      		tst r24
 354 00f6 01F0      		breq .L37
 355               	.LBB69:
 356               	.LBB70:
 357               	.LBB71:
 358               	.LBB72:
 359               	.LSM40:
 360 00f8 80EA      		ldi r24,lo8(4000)
 361 00fa 9FE0      		ldi r25,hi8(4000)
 362               	.LVL12:
 363               	/* #APP */
 364               	 ;  105 "d:/programs/winavr/lib/gcc/../../avr/include/util/delay_basic.h" 1
 365 00fc 0197      		1: sbiw r24,1
 366 00fe 01F4      		brne 1b
 367               	 ;  0 "" 2
 368               	/* #NOAPP */
 369 0100 00C0      		rjmp .L36
 370               	.LVL13:
 371               	.L37:
 372 0102 F701      		movw r30,r14
 373 0104 E050      		subi r30,lo8(-(matrix))
 374 0106 F040      		sbci r31,hi8(-(matrix))
 375 0108 90E0      		ldi r25,lo8(0)
 376               	.LVL14:
 377               	.L38:
 378               	.LBE72:
 379               	.LBE71:
 380               	.LBE70:
 381               	.LBE69:
 382               	.LBB73:
 383               	.LSM41:
 384 010a D601      		movw r26,r12
 385 010c 8D91      		ld r24,X+
 386 010e 6D01      		movw r12,r26
 387 0110 8193      		st Z+,r24
 388               	.LSM42:
 389 0112 9F5F      		subi r25,lo8(-(1))
 390 0114 9430      		cpi r25,lo8(4)
 391 0116 01F4      		brne .L38
 392               	.LVL15:
 393               	.L36:
 394               	.LBE73:
 395               	.LSM43:
 396 0118 81E0      		ldi r24,lo8(1)
 397               	.LVL16:
 398               	/* epilogue start */
 399 011a DF91      		pop r29
 400 011c CF91      		pop r28
 401 011e 1F91      		pop r17
 402               	.LVL17:
 403 0120 0F91      		pop r16
 404 0122 FF90      		pop r15
 405 0124 EF90      		pop r14
 406               	.LVL18:
 407 0126 DF90      		pop r13
 408 0128 CF90      		pop r12
 409 012a BF90      		pop r11
 410 012c AF90      		pop r10
 411 012e 9F90      		pop r9
 412 0130 0895      		ret
 413               	.LFE9:
 415               		.section	.text.matrix_slave_scan,"ax",@progbits
 416               	.global	matrix_slave_scan
 418               	matrix_slave_scan:
 419               	.LFB11:
 420               	.LSM44:
 421               	/* prologue: function */
 422               	/* frame size = 0 */
 423               	.LSM45:
 424 0000 0E94 0000 		call _matrix_scan
 425               	.LSM46:
 426 0004 8091 0000 		lds r24,isLeftHand
 427 0008 8823      		tst r24
 428 000a 01F4      		brne .L44
 429 000c 84E0      		ldi r24,lo8(4)
 430 000e 90E0      		ldi r25,hi8(4)
 431               	.LVL19:
 432 0010 00C0      		rjmp .L45
 433               	.LVL20:
 434               	.L44:
 435 0012 80E0      		ldi r24,lo8(0)
 436 0014 90E0      		ldi r25,hi8(0)
 437               	.LVL21:
 438               	.L45:
 439 0016 DC01      		movw r26,r24
 440 0018 A050      		subi r26,lo8(-(matrix))
 441 001a B040      		sbci r27,hi8(-(matrix))
 442 001c 20E0      		ldi r18,lo8(0)
 443 001e 30E0      		ldi r19,hi8(0)
 444               	.LVL22:
 445               	.L46:
 446               	.LBB74:
 447               	.LSM47:
 448 0020 8D91      		ld r24,X+
 449               	.LVL23:
 450 0022 F901      		movw r30,r18
 451 0024 E050      		subi r30,lo8(-(serial_slave_buffer))
 452 0026 F040      		sbci r31,hi8(-(serial_slave_buffer))
 453 0028 8083      		st Z,r24
 454               	.LSM48:
 455 002a 2F5F      		subi r18,lo8(-(1))
 456 002c 3F4F      		sbci r19,hi8(-(1))
 457 002e 2430      		cpi r18,4
 458 0030 3105      		cpc r19,__zero_reg__
 459 0032 01F4      		brne .L46
 460               	/* epilogue start */
 461               	.LBE74:
 462               	.LSM49:
 463 0034 0895      		ret
 464               	.LFE11:
 466               		.section	.text.matrix_key_count,"ax",@progbits
 467               	.global	matrix_key_count
 469               	matrix_key_count:
 470               	.LFB16:
 471               	.LSM50:
 472 0000 1F93      		push r17
 473 0002 CF93      		push r28
 474 0004 DF93      		push r29
 475               	/* prologue: function */
 476               	/* frame size = 0 */
 477               	.LSM51:
 478 0006 C0E0      		ldi r28,lo8(matrix)
 479 0008 D0E0      		ldi r29,hi8(matrix)
 480 000a 10E0      		ldi r17,lo8(0)
 481               	.LVL24:
 482               	.L50:
 483               	.LBB75:
 484               	.LSM52:
 485 000c 8991      		ld r24,Y+
 486 000e 90E0      		ldi r25,lo8(0)
 487 0010 0E94 0000 		call bitpop16
 488 0014 180F      		add r17,r24
 489               	.LSM53:
 490 0016 80E0      		ldi r24,hi8(matrix+8)
 491 0018 C030      		cpi r28,lo8(matrix+8)
 492 001a D807      		cpc r29,r24
 493 001c 01F4      		brne .L50
 494               	.LBE75:
 495               	.LSM54:
 496 001e 812F      		mov r24,r17
 497               	/* epilogue start */
 498 0020 DF91      		pop r29
 499 0022 CF91      		pop r28
 500 0024 1F91      		pop r17
 501               	.LVL25:
 502 0026 0895      		ret
 503               	.LFE16:
 505               		.section	.text.matrix_scan,"ax",@progbits
 506               	.global	matrix_scan
 508               	matrix_scan:
 509               	.LFB10:
 510               	.LSM55:
 511 0000 1F93      		push r17
 512 0002 CF93      		push r28
 513 0004 DF93      		push r29
 514               	/* prologue: function */
 515               	/* frame size = 0 */
 516               	.LSM56:
 517 0006 0E94 0000 		call _matrix_scan
 518 000a 182F      		mov r17,r24
 519               	.LSM57:
 520 000c 8091 0000 		lds r24,isLeftHand
 521 0010 8823      		tst r24
 522 0012 01F4      		brne .L54
 523 0014 C0E0      		ldi r28,lo8(0)
 524 0016 D0E0      		ldi r29,hi8(0)
 525               	.LVL26:
 526 0018 00C0      		rjmp .L55
 527               	.LVL27:
 528               	.L54:
 529 001a C4E0      		ldi r28,lo8(4)
 530 001c D0E0      		ldi r29,hi8(4)
 531               	.LVL28:
 532               	.L55:
 533               	.LSM58:
 534 001e 0E94 0000 		call serial_transaction
 535 0022 9E01      		movw r18,r28
 536 0024 2050      		subi r18,lo8(-(matrix))
 537 0026 3040      		sbci r19,hi8(-(matrix))
 538 0028 892B      		or r24,r25
 539 002a 01F0      		breq .L56
 540               	.LSM59:
 541 002c 5D98      		cbi 43-32,5
 542 002e F901      		movw r30,r18
 543 0030 80E0      		ldi r24,lo8(0)
 544 0032 90E0      		ldi r25,hi8(0)
 545               	.LVL29:
 546               	.L57:
 547               	.LBB76:
 548               	.LSM60:
 549 0034 1192      		st Z+,__zero_reg__
 550               	.LSM61:
 551 0036 0196      		adiw r24,1
 552 0038 8430      		cpi r24,4
 553 003a 9105      		cpc r25,__zero_reg__
 554 003c 01F4      		brne .L57
 555 003e 00C0      		rjmp .L58
 556               	.LVL30:
 557               	.L56:
 558               	.LBE76:
 559               	.LSM62:
 560 0040 5D9A      		sbi 43-32,5
 561 0042 D901      		movw r26,r18
 562 0044 20E0      		ldi r18,lo8(0)
 563 0046 30E0      		ldi r19,hi8(0)
 564               	.LVL31:
 565               	.L59:
 566               	.LBB77:
 567               	.LSM63:
 568 0048 F901      		movw r30,r18
 569 004a E050      		subi r30,lo8(-(serial_slave_buffer))
 570 004c F040      		sbci r31,hi8(-(serial_slave_buffer))
 571 004e 8081      		ld r24,Z
 572 0050 8D93      		st X+,r24
 573               	.LSM64:
 574 0052 2F5F      		subi r18,lo8(-(1))
 575 0054 3F4F      		sbci r19,hi8(-(1))
 576 0056 2430      		cpi r18,4
 577 0058 3105      		cpc r19,__zero_reg__
 578 005a 01F4      		brne .L59
 579               	.LVL32:
 580               	.L58:
 581               	.LBE77:
 582               	.LSM65:
 583 005c 812F      		mov r24,r17
 584               	.LVL33:
 585               	/* epilogue start */
 586 005e DF91      		pop r29
 587 0060 CF91      		pop r28
 588               	.LVL34:
 589 0062 1F91      		pop r17
 590 0064 0895      		ret
 591               	.LFE10:
 593               		.section	.text.matrix_init,"ax",@progbits
 594               	.global	matrix_init
 596               	matrix_init:
 597               	.LFB8:
 598               	.LSM66:
 599               	/* prologue: function */
 600               	/* frame size = 0 */
 601               	.LSM67:
 602 0000 8091 0000 		lds r24,debug_config
 603               	.LSM68:
 604 0004 8B60      		ori r24,lo8(11)
 605 0006 8093 0000 		sts debug_config,r24
 606               	.LSM69:
 607 000a 0E94 0000 		call unselect_rows
 608               	.LBB81:
 609               	.LBB82:
 610               	.LSM70:
 611 000e 84B1      		in r24,36-32
 612 0010 8F7C      		andi r24,lo8(-49)
 613 0012 84B9      		out 36-32,r24
 614               	.LSM71:
 615 0014 85B1      		in r24,37-32
 616 0016 8063      		ori r24,lo8(48)
 617 0018 85B9      		out 37-32,r24
 618               	.LSM72:
 619 001a 6E98      		cbi 45-32,6
 620               	.LSM73:
 621 001c 769A      		sbi 46-32,6
 622               	.LSM74:
 623 001e 8AB1      		in r24,42-32
 624 0020 8F76      		andi r24,lo8(111)
 625 0022 8AB9      		out 42-32,r24
 626               	.LSM75:
 627 0024 8BB1      		in r24,43-32
 628 0026 8069      		ori r24,lo8(-112)
 629 0028 8BB9      		out 43-32,r24
 630               	.LSM76:
 631 002a 3E98      		cbi 39-32,6
 632               	.LSM77:
 633 002c 469A      		sbi 40-32,6
 634               	.LBE82:
 635               	.LBE81:
 636               	.LSM78:
 637 002e 0E94 0000 		call serial_master_init
 638               	.LSM79:
 639 0032 559A      		sbi 42-32,5
 640               	.LSM80:
 641 0034 5D9A      		sbi 43-32,5
 642 0036 80E0      		ldi r24,lo8(0)
 643 0038 90E0      		ldi r25,hi8(0)
 644               	.L64:
 645               	.LBB83:
 646               	.LSM81:
 647 003a FC01      		movw r30,r24
 648 003c E050      		subi r30,lo8(-(matrix))
 649 003e F040      		sbci r31,hi8(-(matrix))
 650 0040 1082      		st Z,__zero_reg__
 651               	.LSM82:
 652 0042 FC01      		movw r30,r24
 653 0044 E050      		subi r30,lo8(-(matrix_debouncing))
 654 0046 F040      		sbci r31,hi8(-(matrix_debouncing))
 655 0048 1082      		st Z,__zero_reg__
 656 004a 0196      		adiw r24,1
 657               	.LSM83:
 658 004c 8830      		cpi r24,8
 659 004e 9105      		cpc r25,__zero_reg__
 660 0050 01F4      		brne .L64
 661               	/* epilogue start */
 662               	.LBE83:
 663               	.LSM84:
 664 0052 0895      		ret
 665               	.LFE8:
 667               		.section	.data.debouncing,"aw",@progbits
 670               	debouncing:
 671 0000 05        		.byte	5
 672               		.section	.bss.matrix,"aw",@nobits
 675               	matrix:
 676 0000 0000 0000 		.skip 8,0
 676      0000 0000 
 677               		.section	.bss.matrix_debouncing,"aw",@nobits
 680               	matrix_debouncing:
 681 0000 0000 0000 		.skip 8,0
 681      0000 0000 
 794               	.Letext0:
DEFINED SYMBOLS
                            *ABS*:00000000 matrix.c
C:\cygwin64\tmp/ccEi3IcW.s:2      *ABS*:0000003f __SREG__
C:\cygwin64\tmp/ccEi3IcW.s:3      *ABS*:0000003e __SP_H__
C:\cygwin64\tmp/ccEi3IcW.s:4      *ABS*:0000003d __SP_L__
C:\cygwin64\tmp/ccEi3IcW.s:5      *ABS*:00000034 __CCP__
C:\cygwin64\tmp/ccEi3IcW.s:6      *ABS*:00000000 __tmp_reg__
C:\cygwin64\tmp/ccEi3IcW.s:7      *ABS*:00000001 __zero_reg__
C:\cygwin64\tmp/ccEi3IcW.s:19     .text.matrix_rows:00000000 matrix_rows
C:\cygwin64\tmp/ccEi3IcW.s:33     .text.matrix_cols:00000000 matrix_cols
C:\cygwin64\tmp/ccEi3IcW.s:47     .text.matrix_is_modified:00000000 matrix_is_modified
C:\cygwin64\tmp/ccEi3IcW.s:670    .data.debouncing:00000000 debouncing
C:\cygwin64\tmp/ccEi3IcW.s:68     .text.matrix_is_on:00000000 matrix_is_on
C:\cygwin64\tmp/ccEi3IcW.s:675    .bss.matrix:00000000 matrix
C:\cygwin64\tmp/ccEi3IcW.s:96     .text.matrix_get_row:00000000 matrix_get_row
C:\cygwin64\tmp/ccEi3IcW.s:117    .text.matrix_print:00000000 matrix_print
C:\cygwin64\tmp/ccEi3IcW.s:129    .text.unselect_rows:00000000 unselect_rows
C:\cygwin64\tmp/ccEi3IcW.s:150    .text._matrix_scan:00000000 _matrix_scan
C:\cygwin64\tmp/ccEi3IcW.s:680    .bss.matrix_debouncing:00000000 matrix_debouncing
C:\cygwin64\tmp/ccEi3IcW.s:418    .text.matrix_slave_scan:00000000 matrix_slave_scan
C:\cygwin64\tmp/ccEi3IcW.s:469    .text.matrix_key_count:00000000 matrix_key_count
C:\cygwin64\tmp/ccEi3IcW.s:508    .text.matrix_scan:00000000 matrix_scan
C:\cygwin64\tmp/ccEi3IcW.s:596    .text.matrix_init:00000000 matrix_init

UNDEFINED SYMBOLS
isLeftHand
serial_slave_buffer
bitpop16
serial_transaction
debug_config
serial_master_init
__do_copy_data
__do_clear_bss
